-- Found ament_cmake: 2.5.6 (/opt/ros/jazzy/share/ament_cmake/cmake)
-- Configuring done (0.3s)
-- Generating done (0.0s)
-- Build files have been written to: /home/rara/tros_moveit_config/build/tros_moveit_config
-- Install configuration: ""
-- Up-to-date: /home/rara/tros_moveit_config/install/tros_moveit_config/share/ament_index/resource_index/package_run_dependencies/tros_moveit_config
-- Up-to-date: /home/rara/tros_moveit_config/install/tros_moveit_config/share/ament_index/resource_index/parent_prefix_path/tros_moveit_config
-- Up-to-date: /home/rara/tros_moveit_config/install/tros_moveit_config/share/tros_moveit_config/environment/ament_prefix_path.sh
-- Up-to-date: /home/rara/tros_moveit_config/install/tros_moveit_config/share/tros_moveit_config/environment/ament_prefix_path.dsv
-- Up-to-date: /home/rara/tros_moveit_config/install/tros_moveit_config/share/tros_moveit_config/environment/path.sh
-- Up-to-date: /home/rara/tros_moveit_config/install/tros_moveit_config/share/tros_moveit_config/environment/path.dsv
-- Up-to-date: /home/rara/tros_moveit_config/install/tros_moveit_config/share/tros_moveit_config/local_setup.bash
-- Up-to-date: /home/rara/tros_moveit_config/install/tros_moveit_config/share/tros_moveit_config/local_setup.sh
-- Up-to-date: /home/rara/tros_moveit_config/install/tros_moveit_config/share/tros_moveit_config/local_setup.zsh
-- Up-to-date: /home/rara/tros_moveit_config/install/tros_moveit_config/share/tros_moveit_config/local_setup.dsv
-- Up-to-date: /home/rara/tros_moveit_config/install/tros_moveit_config/share/tros_moveit_config/package.dsv
-- Up-to-date: /home/rara/tros_moveit_config/install/tros_moveit_config/share/ament_index/resource_index/packages/tros_moveit_config
-- Up-to-date: /home/rara/tros_moveit_config/install/tros_moveit_config/share/tros_moveit_config/cmake/tros_moveit_configConfig.cmake
-- Up-to-date: /home/rara/tros_moveit_config/install/tros_moveit_config/share/tros_moveit_config/cmake/tros_moveit_configConfig-version.cmake
-- Installing: /home/rara/tros_moveit_config/install/tros_moveit_config/share/tros_moveit_config/package.xml
-- Up-to-date: /home/rara/tros_moveit_config/install/tros_moveit_config/share/tros_moveit_config/launch
-- Installing: /home/rara/tros_moveit_config/install/tros_moveit_config/share/tros_moveit_config/launch/setup_assistant.launch.py
-- Installing: /home/rara/tros_moveit_config/install/tros_moveit_config/share/tros_moveit_config/launch/warehouse_db.launch.py
-- Installing: /home/rara/tros_moveit_config/install/tros_moveit_config/share/tros_moveit_config/launch/rsp.launch.py
-- Installing: /home/rara/tros_moveit_config/install/tros_moveit_config/share/tros_moveit_config/launch/static_virtual_joint_tfs.launch.py
-- Installing: /home/rara/tros_moveit_config/install/tros_moveit_config/share/tros_moveit_config/launch/spawn_controllers.launch.py
-- Installing: /home/rara/tros_moveit_config/install/tros_moveit_config/share/tros_moveit_config/launch/move_group.launch.py
-- Installing: /home/rara/tros_moveit_config/install/tros_moveit_config/share/tros_moveit_config/launch/moveit_rviz.launch.py
-- Installing: /home/rara/tros_moveit_config/install/tros_moveit_config/share/tros_moveit_config/launch/demo.launch.py
-- Up-to-date: /home/rara/tros_moveit_config/install/tros_moveit_config/share/tros_moveit_config/config
-- Installing: /home/rara/tros_moveit_config/install/tros_moveit_config/share/tros_moveit_config/config/joint_limits.yaml
-- Installing: /home/rara/tros_moveit_config/install/tros_moveit_config/share/tros_moveit_config/config/moveit_controllers.yaml
-- Installing: /home/rara/tros_moveit_config/install/tros_moveit_config/share/tros_moveit_config/config/tros_sldworks_pkg.urdf.xacro
-- Installing: /home/rara/tros_moveit_config/install/tros_moveit_config/share/tros_moveit_config/config/initial_positions.yaml
-- Installing: /home/rara/tros_moveit_config/install/tros_moveit_config/share/tros_moveit_config/config/pilz_cartesian_limits.yaml
-- Installing: /home/rara/tros_moveit_config/install/tros_moveit_config/share/tros_moveit_config/config/kinematics.yaml
-- Installing: /home/rara/tros_moveit_config/install/tros_moveit_config/share/tros_moveit_config/config/ros2_controllers.yaml
-- Installing: /home/rara/tros_moveit_config/install/tros_moveit_config/share/tros_moveit_config/config/tros_sldworks_pkg.ros2_control.xacro
-- Installing: /home/rara/tros_moveit_config/install/tros_moveit_config/share/tros_moveit_config/config/tros_sldworks_pkg.srdf
-- Installing: /home/rara/tros_moveit_config/install/tros_moveit_config/share/tros_moveit_config/config/moveit.rviz
-- Installing: /home/rara/tros_moveit_config/install/tros_moveit_config/share/tros_moveit_config/.setup_assistant
