[0.009s] Invoking command in '/home/rara/tros_moveit_config/build/tros_moveit_config': CMAKE_PREFIX_PATH=${CMAKE_PREFIX_PATH}:/home/rara/tros_sldworks_pkg/install/tros_sldworks_pkg:/opt/ros/jazzy DEBUGINFOD_URLS=https://debuginfod.ubuntu.com /usr/bin/cmake --build /home/rara/tros_moveit_config/build/tros_moveit_config -- -j20 -l20
[0.036s] -- Found ament_cmake: 2.5.6 (/opt/ros/jazzy/share/ament_cmake/cmake)
[0.294s] -- Configuring done (0.3s)
[0.296s] -- Generating done (0.0s)
[0.297s] -- Build files have been written to: /home/rara/tros_moveit_config/build/tros_moveit_config
[0.322s] Invoked command in '/home/rara/tros_moveit_config/build/tros_moveit_config' returned '0': CMAKE_PREFIX_PATH=${CMAKE_PREFIX_PATH}:/home/rara/tros_sldworks_pkg/install/tros_sldworks_pkg:/opt/ros/jazzy DEBUGINFOD_URLS=https://debuginfod.ubuntu.com /usr/bin/cmake --build /home/rara/tros_moveit_config/build/tros_moveit_config -- -j20 -l20
[0.336s] Invoking command in '/home/rara/tros_moveit_config/build/tros_moveit_config': CMAKE_PREFIX_PATH=${CMAKE_PREFIX_PATH}:/home/rara/tros_sldworks_pkg/install/tros_sldworks_pkg:/opt/ros/jazzy DEBUGINFOD_URLS=https://debuginfod.ubuntu.com /usr/bin/cmake --install /home/rara/tros_moveit_config/build/tros_moveit_config
[0.346s] -- Install configuration: ""
[0.346s] -- Up-to-date: /home/rara/tros_moveit_config/install/tros_moveit_config/share/ament_index/resource_index/package_run_dependencies/tros_moveit_config
[0.346s] -- Up-to-date: /home/rara/tros_moveit_config/install/tros_moveit_config/share/ament_index/resource_index/parent_prefix_path/tros_moveit_config
[0.347s] -- Up-to-date: /home/rara/tros_moveit_config/install/tros_moveit_config/share/tros_moveit_config/environment/ament_prefix_path.sh
[0.347s] -- Up-to-date: /home/rara/tros_moveit_config/install/tros_moveit_config/share/tros_moveit_config/environment/ament_prefix_path.dsv
[0.347s] -- Up-to-date: /home/rara/tros_moveit_config/install/tros_moveit_config/share/tros_moveit_config/environment/path.sh
[0.347s] -- Up-to-date: /home/rara/tros_moveit_config/install/tros_moveit_config/share/tros_moveit_config/environment/path.dsv
[0.347s] -- Up-to-date: /home/rara/tros_moveit_config/install/tros_moveit_config/share/tros_moveit_config/local_setup.bash
[0.347s] -- Up-to-date: /home/rara/tros_moveit_config/install/tros_moveit_config/share/tros_moveit_config/local_setup.sh
[0.347s] -- Up-to-date: /home/rara/tros_moveit_config/install/tros_moveit_config/share/tros_moveit_config/local_setup.zsh
[0.347s] -- Up-to-date: /home/rara/tros_moveit_config/install/tros_moveit_config/share/tros_moveit_config/local_setup.dsv
[0.347s] -- Up-to-date: /home/rara/tros_moveit_config/install/tros_moveit_config/share/tros_moveit_config/package.dsv
[0.348s] -- Up-to-date: /home/rara/tros_moveit_config/install/tros_moveit_config/share/ament_index/resource_index/packages/tros_moveit_config
[0.348s] -- Up-to-date: /home/rara/tros_moveit_config/install/tros_moveit_config/share/tros_moveit_config/cmake/tros_moveit_configConfig.cmake
[0.348s] -- Up-to-date: /home/rara/tros_moveit_config/install/tros_moveit_config/share/tros_moveit_config/cmake/tros_moveit_configConfig-version.cmake
[0.348s] -- Installing: /home/rara/tros_moveit_config/install/tros_moveit_config/share/tros_moveit_config/package.xml
[0.348s] -- Up-to-date: /home/rara/tros_moveit_config/install/tros_moveit_config/share/tros_moveit_config/launch
[0.348s] -- Installing: /home/rara/tros_moveit_config/install/tros_moveit_config/share/tros_moveit_config/launch/setup_assistant.launch.py
[0.348s] -- Installing: /home/rara/tros_moveit_config/install/tros_moveit_config/share/tros_moveit_config/launch/warehouse_db.launch.py
[0.348s] -- Installing: /home/rara/tros_moveit_config/install/tros_moveit_config/share/tros_moveit_config/launch/rsp.launch.py
[0.349s] -- Installing: /home/rara/tros_moveit_config/install/tros_moveit_config/share/tros_moveit_config/launch/static_virtual_joint_tfs.launch.py
[0.349s] -- Installing: /home/rara/tros_moveit_config/install/tros_moveit_config/share/tros_moveit_config/launch/spawn_controllers.launch.py
[0.349s] -- Installing: /home/rara/tros_moveit_config/install/tros_moveit_config/share/tros_moveit_config/launch/move_group.launch.py
[0.349s] -- Installing: /home/rara/tros_moveit_config/install/tros_moveit_config/share/tros_moveit_config/launch/moveit_rviz.launch.py
[0.349s] -- Installing: /home/rara/tros_moveit_config/install/tros_moveit_config/share/tros_moveit_config/launch/demo.launch.py
[0.349s] -- Up-to-date: /home/rara/tros_moveit_config/install/tros_moveit_config/share/tros_moveit_config/config
[0.349s] -- Installing: /home/rara/tros_moveit_config/install/tros_moveit_config/share/tros_moveit_config/config/joint_limits.yaml
[0.349s] -- Installing: /home/rara/tros_moveit_config/install/tros_moveit_config/share/tros_moveit_config/config/moveit_controllers.yaml
[0.349s] -- Installing: /home/rara/tros_moveit_config/install/tros_moveit_config/share/tros_moveit_config/config/tros_sldworks_pkg.urdf.xacro
[0.349s] -- Installing: /home/rara/tros_moveit_config/install/tros_moveit_config/share/tros_moveit_config/config/initial_positions.yaml
[0.350s] -- Installing: /home/rara/tros_moveit_config/install/tros_moveit_config/share/tros_moveit_config/config/pilz_cartesian_limits.yaml
[0.350s] -- Installing: /home/rara/tros_moveit_config/install/tros_moveit_config/share/tros_moveit_config/config/kinematics.yaml
[0.350s] -- Installing: /home/rara/tros_moveit_config/install/tros_moveit_config/share/tros_moveit_config/config/ros2_controllers.yaml
[0.350s] -- Installing: /home/rara/tros_moveit_config/install/tros_moveit_config/share/tros_moveit_config/config/tros_sldworks_pkg.ros2_control.xacro
[0.350s] -- Installing: /home/rara/tros_moveit_config/install/tros_moveit_config/share/tros_moveit_config/config/tros_sldworks_pkg.srdf
[0.350s] -- Installing: /home/rara/tros_moveit_config/install/tros_moveit_config/share/tros_moveit_config/config/moveit.rviz
[0.350s] -- Installing: /home/rara/tros_moveit_config/install/tros_moveit_config/share/tros_moveit_config/.setup_assistant
[0.351s] Invoked command in '/home/rara/tros_moveit_config/build/tros_moveit_config' returned '0': CMAKE_PREFIX_PATH=${CMAKE_PREFIX_PATH}:/home/rara/tros_sldworks_pkg/install/tros_sldworks_pkg:/opt/ros/jazzy DEBUGINFOD_URLS=https://debuginfod.ubuntu.com /usr/bin/cmake --install /home/rara/tros_moveit_config/build/tros_moveit_config
