[0.070s] DEBUG:colcon:Command line arguments: ['/usr/bin/colcon', 'build']
[0.070s] DEBUG:colcon:Parsed command line arguments: Namespace(log_base=None, log_level=None, verb_name='build', build_base='build', install_base='install', merge_install=False, symlink_install=False, test_result_base=None, continue_on_error=False, executor='parallel', parallel_workers=20, event_handlers=None, ignore_user_meta=False, metas=['./colcon.meta'], base_paths=['.'], packages_ignore=None, packages_ignore_regex=None, paths=None, packages_up_to=None, packages_up_to_regex=None, packages_above=None, packages_above_and_dependencies=None, packages_above_depth=None, packages_select_by_dep=None, packages_skip_by_dep=None, packages_skip_up_to=None, packages_select_build_failed=False, packages_skip_build_finished=False, packages_select_test_failures=False, packages_skip_test_passed=False, packages_select=None, packages_skip=None, packages_select_regex=None, packages_skip_regex=None, packages_start=None, packages_end=None, allow_overriding=[], cmake_args=None, cmake_target=None, cmake_target_skip_unavailable=False, cmake_clean_cache=False, cmake_clean_first=False, cmake_force_configure=False, ament_cmake_args=None, catkin_cmake_args=None, catkin_skip_building_tests=False, mixin_files=None, mixin=None, verb_parser=<colcon_mixin.mixin.mixin_argument.MixinArgumentDecorator object at 0x74ee3dc9ee70>, verb_extension=<colcon_core.verb.build.BuildVerb object at 0x74ee3dc9ec30>, main=<bound method BuildVerb.main of <colcon_core.verb.build.BuildVerb object at 0x74ee3dc9ec30>>, mixin_verb=('build',))
[0.094s] Level 1:colcon.colcon_core.package_discovery:discover_packages(colcon_meta) check parameters
[0.095s] Level 1:colcon.colcon_core.package_discovery:discover_packages(recursive) check parameters
[0.095s] Level 1:colcon.colcon_core.package_discovery:discover_packages(ignore) check parameters
[0.095s] Level 1:colcon.colcon_core.package_discovery:discover_packages(path) check parameters
[0.095s] Level 1:colcon.colcon_core.package_discovery:discover_packages(colcon_meta) discover
[0.095s] Level 1:colcon.colcon_core.package_discovery:discover_packages(recursive) discover
[0.095s] INFO:colcon.colcon_core.package_discovery:Crawling recursively for packages in '/home/rara/tros_moveit_config'
[0.095s] Level 1:colcon.colcon_core.package_identification:_identify(.) by extensions ['ignore', 'ignore_ament_install']
[0.095s] Level 1:colcon.colcon_core.package_identification:_identify(.) by extension 'ignore'
[0.095s] Level 1:colcon.colcon_core.package_identification:_identify(.) by extension 'ignore_ament_install'
[0.095s] Level 1:colcon.colcon_core.package_identification:_identify(.) by extensions ['colcon_pkg']
[0.095s] Level 1:colcon.colcon_core.package_identification:_identify(.) by extension 'colcon_pkg'
[0.095s] Level 1:colcon.colcon_core.package_identification:_identify(.) by extensions ['colcon_meta']
[0.095s] Level 1:colcon.colcon_core.package_identification:_identify(.) by extension 'colcon_meta'
[0.095s] Level 1:colcon.colcon_core.package_identification:_identify(.) by extensions ['ros']
[0.095s] Level 1:colcon.colcon_core.package_identification:_identify(.) by extension 'ros'
[0.114s] DEBUG:colcon.colcon_core.package_identification:Package '.' with type 'ros.ament_cmake' and name 'tros_moveit_config'
[0.114s] Level 1:colcon.colcon_core.package_discovery:discover_packages(recursive) using defaults
[0.114s] Level 1:colcon.colcon_core.package_discovery:discover_packages(ignore) discover
[0.114s] Level 1:colcon.colcon_core.package_discovery:discover_packages(ignore) using defaults
[0.114s] Level 1:colcon.colcon_core.package_discovery:discover_packages(path) discover
[0.114s] Level 1:colcon.colcon_core.package_discovery:discover_packages(path) using defaults
[0.126s] Level 1:colcon.colcon_core.package_discovery:discover_packages(prefix_path) check parameters
[0.126s] Level 1:colcon.colcon_core.package_discovery:discover_packages(prefix_path) discover
[0.127s] DEBUG:colcon.colcon_installed_package_information.package_discovery:Found 1 installed packages in /home/rara/tros_moveit_config/install
[0.128s] DEBUG:colcon.colcon_installed_package_information.package_discovery:Found 1 installed packages in /home/rara/tros_sldworks_pkg/install
[0.129s] DEBUG:colcon.colcon_installed_package_information.package_discovery:Found 475 installed packages in /opt/ros/jazzy
[0.130s] Level 1:colcon.colcon_core.package_discovery:discover_packages(prefix_path) using defaults
[0.165s] Level 5:colcon.colcon_core.verb:set package 'tros_moveit_config' build argument 'cmake_args' from command line to 'None'
[0.165s] Level 5:colcon.colcon_core.verb:set package 'tros_moveit_config' build argument 'cmake_target' from command line to 'None'
[0.165s] Level 5:colcon.colcon_core.verb:set package 'tros_moveit_config' build argument 'cmake_target_skip_unavailable' from command line to 'False'
[0.165s] Level 5:colcon.colcon_core.verb:set package 'tros_moveit_config' build argument 'cmake_clean_cache' from command line to 'False'
[0.165s] Level 5:colcon.colcon_core.verb:set package 'tros_moveit_config' build argument 'cmake_clean_first' from command line to 'False'
[0.165s] Level 5:colcon.colcon_core.verb:set package 'tros_moveit_config' build argument 'cmake_force_configure' from command line to 'False'
[0.165s] Level 5:colcon.colcon_core.verb:set package 'tros_moveit_config' build argument 'ament_cmake_args' from command line to 'None'
[0.165s] Level 5:colcon.colcon_core.verb:set package 'tros_moveit_config' build argument 'catkin_cmake_args' from command line to 'None'
[0.165s] Level 5:colcon.colcon_core.verb:set package 'tros_moveit_config' build argument 'catkin_skip_building_tests' from command line to 'False'
[0.165s] DEBUG:colcon.colcon_core.verb:Building package 'tros_moveit_config' with the following arguments: {'ament_cmake_args': None, 'build_base': '/home/rara/tros_moveit_config/build/tros_moveit_config', 'catkin_cmake_args': None, 'catkin_skip_building_tests': False, 'cmake_args': None, 'cmake_clean_cache': False, 'cmake_clean_first': False, 'cmake_force_configure': False, 'cmake_target': None, 'cmake_target_skip_unavailable': False, 'install_base': '/home/rara/tros_moveit_config/install/tros_moveit_config', 'merge_install': False, 'path': '/home/rara/tros_moveit_config', 'symlink_install': False, 'test_result_base': None}
[0.165s] INFO:colcon.colcon_core.executor:Executing jobs using 'parallel' executor
[0.166s] DEBUG:colcon.colcon_parallel_executor.executor.parallel:run_until_complete
[0.166s] INFO:colcon.colcon_ros.task.ament_cmake.build:Building ROS package in '/home/rara/tros_moveit_config' with build type 'ament_cmake'
[0.166s] INFO:colcon.colcon_cmake.task.cmake.build:Building CMake package in '/home/rara/tros_moveit_config'
[0.167s] INFO:colcon.colcon_core.plugin_system:Skipping extension 'colcon_core.shell.bat': Not used on non-Windows systems
[0.167s] INFO:colcon.colcon_core.shell:Skip shell extension 'powershell' for command environment: Not usable outside of PowerShell
[0.167s] DEBUG:colcon.colcon_core.shell:Skip shell extension 'dsv' for command environment
[0.176s] DEBUG:colcon.colcon_core.event_handler.log_command:Invoking command in '/home/rara/tros_moveit_config/build/tros_moveit_config': CMAKE_PREFIX_PATH=${CMAKE_PREFIX_PATH}:/home/rara/tros_sldworks_pkg/install/tros_sldworks_pkg:/opt/ros/jazzy DEBUGINFOD_URLS=https://debuginfod.ubuntu.com /usr/bin/cmake --build /home/rara/tros_moveit_config/build/tros_moveit_config -- -j20 -l20
[0.489s] DEBUG:colcon.colcon_core.event_handler.log_command:Invoked command in '/home/rara/tros_moveit_config/build/tros_moveit_config' returned '0': CMAKE_PREFIX_PATH=${CMAKE_PREFIX_PATH}:/home/rara/tros_sldworks_pkg/install/tros_sldworks_pkg:/opt/ros/jazzy DEBUGINFOD_URLS=https://debuginfod.ubuntu.com /usr/bin/cmake --build /home/rara/tros_moveit_config/build/tros_moveit_config -- -j20 -l20
[0.503s] DEBUG:colcon.colcon_core.event_handler.log_command:Invoking command in '/home/rara/tros_moveit_config/build/tros_moveit_config': CMAKE_PREFIX_PATH=${CMAKE_PREFIX_PATH}:/home/rara/tros_sldworks_pkg/install/tros_sldworks_pkg:/opt/ros/jazzy DEBUGINFOD_URLS=https://debuginfod.ubuntu.com /usr/bin/cmake --install /home/rara/tros_moveit_config/build/tros_moveit_config
[0.517s] Level 1:colcon.colcon_core.environment:create_environment_scripts_only(tros_moveit_config)
[0.518s] DEBUG:colcon.colcon_core.event_handler.log_command:Invoked command in '/home/rara/tros_moveit_config/build/tros_moveit_config' returned '0': CMAKE_PREFIX_PATH=${CMAKE_PREFIX_PATH}:/home/rara/tros_sldworks_pkg/install/tros_sldworks_pkg:/opt/ros/jazzy DEBUGINFOD_URLS=https://debuginfod.ubuntu.com /usr/bin/cmake --install /home/rara/tros_moveit_config/build/tros_moveit_config
[0.521s] Level 1:colcon.colcon_core.environment:checking '/home/rara/tros_moveit_config/install/tros_moveit_config' for CMake module files
[0.522s] Level 1:colcon.colcon_core.environment:checking '/home/rara/tros_moveit_config/install/tros_moveit_config' for CMake config files
[0.522s] Level 1:colcon.colcon_core.shell:create_environment_hook('tros_moveit_config', 'cmake_prefix_path')
[0.522s] INFO:colcon.colcon_core.shell:Creating environment hook '/home/rara/tros_moveit_config/install/tros_moveit_config/share/tros_moveit_config/hook/cmake_prefix_path.ps1'
[0.523s] INFO:colcon.colcon_core.shell:Creating environment descriptor '/home/rara/tros_moveit_config/install/tros_moveit_config/share/tros_moveit_config/hook/cmake_prefix_path.dsv'
[0.524s] INFO:colcon.colcon_core.shell:Creating environment hook '/home/rara/tros_moveit_config/install/tros_moveit_config/share/tros_moveit_config/hook/cmake_prefix_path.sh'
[0.525s] Level 1:colcon.colcon_core.environment:checking '/home/rara/tros_moveit_config/install/tros_moveit_config/bin'
[0.525s] Level 1:colcon.colcon_core.environment:checking '/home/rara/tros_moveit_config/install/tros_moveit_config/lib/pkgconfig/tros_moveit_config.pc'
[0.526s] Level 1:colcon.colcon_core.environment:checking '/home/rara/tros_moveit_config/install/tros_moveit_config/lib/python3.12/site-packages'
[0.526s] Level 1:colcon.colcon_core.environment:checking '/home/rara/tros_moveit_config/install/tros_moveit_config/bin'
[0.526s] INFO:colcon.colcon_core.shell:Creating package script '/home/rara/tros_moveit_config/install/tros_moveit_config/share/tros_moveit_config/package.ps1'
[0.528s] INFO:colcon.colcon_core.shell:Creating package descriptor '/home/rara/tros_moveit_config/install/tros_moveit_config/share/tros_moveit_config/package.dsv'
[0.528s] INFO:colcon.colcon_core.shell:Creating package script '/home/rara/tros_moveit_config/install/tros_moveit_config/share/tros_moveit_config/package.sh'
[0.529s] INFO:colcon.colcon_core.shell:Creating package script '/home/rara/tros_moveit_config/install/tros_moveit_config/share/tros_moveit_config/package.bash'
[0.529s] INFO:colcon.colcon_core.shell:Creating package script '/home/rara/tros_moveit_config/install/tros_moveit_config/share/tros_moveit_config/package.zsh'
[0.530s] Level 1:colcon.colcon_core.environment:create_file_with_runtime_dependencies(/home/rara/tros_moveit_config/install/tros_moveit_config/share/colcon-core/packages/tros_moveit_config)
[0.531s] Level 1:colcon.colcon_core.environment:create_environment_scripts_only(tros_moveit_config)
[0.531s] Level 1:colcon.colcon_core.environment:checking '/home/rara/tros_moveit_config/install/tros_moveit_config' for CMake module files
[0.531s] Level 1:colcon.colcon_core.environment:checking '/home/rara/tros_moveit_config/install/tros_moveit_config' for CMake config files
[0.532s] Level 1:colcon.colcon_core.shell:create_environment_hook('tros_moveit_config', 'cmake_prefix_path')
[0.532s] INFO:colcon.colcon_core.shell:Creating environment hook '/home/rara/tros_moveit_config/install/tros_moveit_config/share/tros_moveit_config/hook/cmake_prefix_path.ps1'
[0.532s] INFO:colcon.colcon_core.shell:Creating environment descriptor '/home/rara/tros_moveit_config/install/tros_moveit_config/share/tros_moveit_config/hook/cmake_prefix_path.dsv'
[0.533s] INFO:colcon.colcon_core.shell:Creating environment hook '/home/rara/tros_moveit_config/install/tros_moveit_config/share/tros_moveit_config/hook/cmake_prefix_path.sh'
[0.533s] Level 1:colcon.colcon_core.environment:checking '/home/rara/tros_moveit_config/install/tros_moveit_config/bin'
[0.533s] Level 1:colcon.colcon_core.environment:checking '/home/rara/tros_moveit_config/install/tros_moveit_config/lib/pkgconfig/tros_moveit_config.pc'
[0.534s] Level 1:colcon.colcon_core.environment:checking '/home/rara/tros_moveit_config/install/tros_moveit_config/lib/python3.12/site-packages'
[0.534s] Level 1:colcon.colcon_core.environment:checking '/home/rara/tros_moveit_config/install/tros_moveit_config/bin'
[0.534s] INFO:colcon.colcon_core.shell:Creating package script '/home/rara/tros_moveit_config/install/tros_moveit_config/share/tros_moveit_config/package.ps1'
[0.535s] INFO:colcon.colcon_core.shell:Creating package descriptor '/home/rara/tros_moveit_config/install/tros_moveit_config/share/tros_moveit_config/package.dsv'
[0.535s] INFO:colcon.colcon_core.shell:Creating package script '/home/rara/tros_moveit_config/install/tros_moveit_config/share/tros_moveit_config/package.sh'
[0.536s] INFO:colcon.colcon_core.shell:Creating package script '/home/rara/tros_moveit_config/install/tros_moveit_config/share/tros_moveit_config/package.bash'
[0.536s] INFO:colcon.colcon_core.shell:Creating package script '/home/rara/tros_moveit_config/install/tros_moveit_config/share/tros_moveit_config/package.zsh'
[0.536s] Level 1:colcon.colcon_core.environment:create_file_with_runtime_dependencies(/home/rara/tros_moveit_config/install/tros_moveit_config/share/colcon-core/packages/tros_moveit_config)
[0.537s] DEBUG:colcon.colcon_parallel_executor.executor.parallel:closing loop
[0.537s] DEBUG:colcon.colcon_parallel_executor.executor.parallel:loop closed
[0.537s] DEBUG:colcon.colcon_parallel_executor.executor.parallel:run_until_complete finished with '0'
[0.537s] DEBUG:colcon.colcon_core.event_reactor:joining thread
[0.552s] INFO:colcon.colcon_core.plugin_system:Skipping extension 'colcon_notification.desktop_notification.terminal_notifier': Not used on non-Darwin systems
[0.552s] INFO:colcon.colcon_core.plugin_system:Skipping extension 'colcon_notification.desktop_notification.win32': Not used on non-Windows systems
[0.552s] INFO:colcon.colcon_notification.desktop_notification:Sending desktop notification using 'notify2'
[0.566s] DEBUG:colcon.colcon_core.event_reactor:joined thread
[0.566s] INFO:colcon.colcon_core.shell:Creating prefix script '/home/rara/tros_moveit_config/install/local_setup.ps1'
[0.567s] INFO:colcon.colcon_core.shell:Creating prefix util module '/home/rara/tros_moveit_config/install/_local_setup_util_ps1.py'
[0.567s] INFO:colcon.colcon_core.shell:Creating prefix chain script '/home/rara/tros_moveit_config/install/setup.ps1'
[0.568s] INFO:colcon.colcon_core.shell:Creating prefix script '/home/rara/tros_moveit_config/install/local_setup.sh'
[0.568s] INFO:colcon.colcon_core.shell:Creating prefix util module '/home/rara/tros_moveit_config/install/_local_setup_util_sh.py'
[0.568s] INFO:colcon.colcon_core.shell:Creating prefix chain script '/home/rara/tros_moveit_config/install/setup.sh'
[0.569s] INFO:colcon.colcon_core.shell:Creating prefix script '/home/rara/tros_moveit_config/install/local_setup.bash'
[0.569s] INFO:colcon.colcon_core.shell:Creating prefix chain script '/home/rara/tros_moveit_config/install/setup.bash'
[0.570s] INFO:colcon.colcon_core.shell:Creating prefix script '/home/rara/tros_moveit_config/install/local_setup.zsh'
[0.570s] INFO:colcon.colcon_core.shell:Creating prefix chain script '/home/rara/tros_moveit_config/install/setup.zsh'
