[0.009s] Invoking command in '/home/rara/tros_moveit_config/build/tros_moveit_config': CMAKE_PREFIX_PATH=${CMAKE_PREFIX_PATH}:/home/rara/tros_sldworks_pkg/install/tros_sldworks_pkg:/opt/ros/jazzy DEBUGINFOD_URLS=https://debuginfod.ubuntu.com /usr/bin/cmake /home/rara/tros_moveit_config -DCMAKE_INSTALL_PREFIX=/home/rara/tros_moveit_config/install/tros_moveit_config
[0.084s] -- The C compiler identification is GNU 13.3.0
[0.142s] -- The CXX compiler identification is GNU 13.3.0
[0.158s] -- Detecting C compiler ABI info
[0.261s] -- Detecting C compiler ABI info - done
[0.272s] -- Check for working C compiler: /usr/bin/cc - skipped
[0.272s] -- Detecting C compile features
[0.273s] -- Detecting C compile features - done
[0.284s] -- Detecting CXX compiler ABI info
[0.400s] -- Detecting CXX compiler ABI info - done
[0.407s] -- Check for working CXX compiler: /usr/bin/c++ - skipped
[0.407s] -- Detecting CXX compile features
[0.408s] -- Detecting CXX compile features - done
[0.410s] -- Found ament_cmake: 2.5.6 (/opt/ros/jazzy/share/ament_cmake/cmake)
[0.550s] -- Found Python3: /usr/bin/python3 (found version "3.12.3") found components: Interpreter 
[0.724s] -- Configuring done (0.7s)
[0.725s] -- Generating done (0.0s)
[0.726s] -- Build files have been written to: /home/rara/tros_moveit_config/build/tros_moveit_config
[0.731s] Invoked command in '/home/rara/tros_moveit_config/build/tros_moveit_config' returned '0': CMAKE_PREFIX_PATH=${CMAKE_PREFIX_PATH}:/home/rara/tros_sldworks_pkg/install/tros_sldworks_pkg:/opt/ros/jazzy DEBUGINFOD_URLS=https://debuginfod.ubuntu.com /usr/bin/cmake /home/rara/tros_moveit_config -DCMAKE_INSTALL_PREFIX=/home/rara/tros_moveit_config/install/tros_moveit_config
[0.731s] Invoking command in '/home/rara/tros_moveit_config/build/tros_moveit_config': CMAKE_PREFIX_PATH=${CMAKE_PREFIX_PATH}:/home/rara/tros_sldworks_pkg/install/tros_sldworks_pkg:/opt/ros/jazzy DEBUGINFOD_URLS=https://debuginfod.ubuntu.com /usr/bin/cmake --build /home/rara/tros_moveit_config/build/tros_moveit_config -- -j20 -l20
[0.774s] Invoked command in '/home/rara/tros_moveit_config/build/tros_moveit_config' returned '0': CMAKE_PREFIX_PATH=${CMAKE_PREFIX_PATH}:/home/rara/tros_sldworks_pkg/install/tros_sldworks_pkg:/opt/ros/jazzy DEBUGINFOD_URLS=https://debuginfod.ubuntu.com /usr/bin/cmake --build /home/rara/tros_moveit_config/build/tros_moveit_config -- -j20 -l20
[0.785s] Invoking command in '/home/rara/tros_moveit_config/build/tros_moveit_config': CMAKE_PREFIX_PATH=${CMAKE_PREFIX_PATH}:/home/rara/tros_sldworks_pkg/install/tros_sldworks_pkg:/opt/ros/jazzy DEBUGINFOD_URLS=https://debuginfod.ubuntu.com /usr/bin/cmake --install /home/rara/tros_moveit_config/build/tros_moveit_config
[0.792s] -- Install configuration: ""
[0.792s] -- Installing: /home/rara/tros_moveit_config/install/tros_moveit_config/share/ament_index/resource_index/package_run_dependencies/tros_moveit_config
[0.793s] -- Installing: /home/rara/tros_moveit_config/install/tros_moveit_config/share/ament_index/resource_index/parent_prefix_path/tros_moveit_config
[0.793s] -- Installing: /home/rara/tros_moveit_config/install/tros_moveit_config/share/tros_moveit_config/environment/ament_prefix_path.sh
[0.793s] -- Installing: /home/rara/tros_moveit_config/install/tros_moveit_config/share/tros_moveit_config/environment/ament_prefix_path.dsv
[0.793s] -- Installing: /home/rara/tros_moveit_config/install/tros_moveit_config/share/tros_moveit_config/environment/path.sh
[0.793s] -- Installing: /home/rara/tros_moveit_config/install/tros_moveit_config/share/tros_moveit_config/environment/path.dsv
[0.793s] -- Installing: /home/rara/tros_moveit_config/install/tros_moveit_config/share/tros_moveit_config/local_setup.bash
[0.793s] -- Installing: /home/rara/tros_moveit_config/install/tros_moveit_config/share/tros_moveit_config/local_setup.sh
[0.793s] -- Installing: /home/rara/tros_moveit_config/install/tros_moveit_config/share/tros_moveit_config/local_setup.zsh
[0.793s] -- Installing: /home/rara/tros_moveit_config/install/tros_moveit_config/share/tros_moveit_config/local_setup.dsv
[0.793s] -- Installing: /home/rara/tros_moveit_config/install/tros_moveit_config/share/tros_moveit_config/package.dsv
[0.793s] -- Installing: /home/rara/tros_moveit_config/install/tros_moveit_config/share/ament_index/resource_index/packages/tros_moveit_config
[0.793s] -- Installing: /home/rara/tros_moveit_config/install/tros_moveit_config/share/tros_moveit_config/cmake/tros_moveit_configConfig.cmake
[0.794s] -- Installing: /home/rara/tros_moveit_config/install/tros_moveit_config/share/tros_moveit_config/cmake/tros_moveit_configConfig-version.cmake
[0.794s] -- Installing: /home/rara/tros_moveit_config/install/tros_moveit_config/share/tros_moveit_config/package.xml
[0.794s] -- Installing: /home/rara/tros_moveit_config/install/tros_moveit_config/share/tros_moveit_config/launch
[0.794s] -- Installing: /home/rara/tros_moveit_config/install/tros_moveit_config/share/tros_moveit_config/launch/setup_assistant.launch.py
[0.794s] -- Installing: /home/rara/tros_moveit_config/install/tros_moveit_config/share/tros_moveit_config/launch/warehouse_db.launch.py
[0.794s] -- Installing: /home/rara/tros_moveit_config/install/tros_moveit_config/share/tros_moveit_config/launch/rsp.launch.py
[0.794s] -- Installing: /home/rara/tros_moveit_config/install/tros_moveit_config/share/tros_moveit_config/launch/static_virtual_joint_tfs.launch.py
[0.794s] -- Installing: /home/rara/tros_moveit_config/install/tros_moveit_config/share/tros_moveit_config/launch/spawn_controllers.launch.py
[0.794s] -- Installing: /home/rara/tros_moveit_config/install/tros_moveit_config/share/tros_moveit_config/launch/move_group.launch.py
[0.794s] -- Installing: /home/rara/tros_moveit_config/install/tros_moveit_config/share/tros_moveit_config/launch/moveit_rviz.launch.py
[0.794s] -- Installing: /home/rara/tros_moveit_config/install/tros_moveit_config/share/tros_moveit_config/launch/demo.launch.py
[0.795s] -- Installing: /home/rara/tros_moveit_config/install/tros_moveit_config/share/tros_moveit_config/config
[0.795s] -- Installing: /home/rara/tros_moveit_config/install/tros_moveit_config/share/tros_moveit_config/config/joint_limits.yaml
[0.795s] -- Installing: /home/rara/tros_moveit_config/install/tros_moveit_config/share/tros_moveit_config/config/moveit_controllers.yaml
[0.795s] -- Installing: /home/rara/tros_moveit_config/install/tros_moveit_config/share/tros_moveit_config/config/tros_sldworks_pkg.urdf.xacro
[0.795s] -- Installing: /home/rara/tros_moveit_config/install/tros_moveit_config/share/tros_moveit_config/config/initial_positions.yaml
[0.795s] -- Installing: /home/rara/tros_moveit_config/install/tros_moveit_config/share/tros_moveit_config/config/pilz_cartesian_limits.yaml
[0.795s] -- Installing: /home/rara/tros_moveit_config/install/tros_moveit_config/share/tros_moveit_config/config/kinematics.yaml
[0.795s] -- Installing: /home/rara/tros_moveit_config/install/tros_moveit_config/share/tros_moveit_config/config/ros2_controllers.yaml
[0.795s] -- Installing: /home/rara/tros_moveit_config/install/tros_moveit_config/share/tros_moveit_config/config/tros_sldworks_pkg.ros2_control.xacro
[0.795s] -- Installing: /home/rara/tros_moveit_config/install/tros_moveit_config/share/tros_moveit_config/config/tros_sldworks_pkg.srdf
[0.795s] -- Installing: /home/rara/tros_moveit_config/install/tros_moveit_config/share/tros_moveit_config/config/moveit.rviz
[0.795s] -- Installing: /home/rara/tros_moveit_config/install/tros_moveit_config/share/tros_moveit_config/.setup_assistant
[0.796s] Invoked command in '/home/rara/tros_moveit_config/build/tros_moveit_config' returned '0': CMAKE_PREFIX_PATH=${CMAKE_PREFIX_PATH}:/home/rara/tros_sldworks_pkg/install/tros_sldworks_pkg:/opt/ros/jazzy DEBUGINFOD_URLS=https://debuginfod.ubuntu.com /usr/bin/cmake --install /home/rara/tros_moveit_config/build/tros_moveit_config
